user-no-MacBook-Pro:~ pixy$ git config --global user.name 
user-no-MacBook-Pro:~ pixy$ git config --global use.email 
user-no-MacBook-Pro:~ pixy$ cd desktop
user-no-MacBook-Pro:desktop pixy$ mkdir kadai
user-no-MacBook-Pro:desktop pixy$ git clone https://github.com/14pixyz/github-basic-kadai.git kadai
Cloning into 'kadai'...
remote: Enumerating objects: 16, done.
remote: Counting objects: 100% (16/16), done.
remote: Compressing objects: 100% (10/10), done.
remote: Total 16 (delta 0), reused 1 (delta 0), pack-reused 0
Unpacking objects: 100% (16/16), done.
user-no-MacBook-Pro:desktop pixy$ cd kadai
user-no-MacBook-Pro:kadai pixy$ ls
kadai_github
user-no-MacBook-Pro:kadai pixy$ git branch
* main
user-no-MacBook-Pro:kadai pixy$ git checkout -b kadai_004
Switched to a new branch 'kadai_004'
user-no-MacBook-Pro:kadai pixy$ git branch
* kadai_004
  main
user-no-MacBook-Pro:kadai pixy$ touch hello_world.txt
user-no-MacBook-Pro:kadai pixy$ git add hello_world.txt
user-no-MacBook-Pro:kadai pixy$ git commit -m "hello_world.txt を追加"
[kadai_004 35450dd] hello_world.txtを追加
 1 file changed, 1 insertion(+)
 create mode 100644 hello_world.txt
user-no-MacBook-Pro:kadai pixy$ git add hello_world.txt
user-no-MacBook-Pro:kadai pixy$ git commit -m "日本語訳を追加"
[kadai_004 31f51ad] 日本語訳を追加
 1 file changed, 2 insertions(+), 1 deletion(-)
user-no-MacBook-Pro:kadai pixy$ git log --oneline
31f51ad (HEAD -> kadai_004) 日本語訳を追加
35450dd hello_world.txtを追加
